src/components/admin/AdminLayout.tsx(6,7): error TS6198: All destructured elements are unused.
src/hooks/useGoalManagement.ts(58,40): error TS6133: 'forceRefresh' is declared but its value is never read.
src/hooks/useGoalManagement.ts(156,34): error TS18046: 'error' is of type 'unknown'.
src/pages/admin/AdminDashboard.tsx(2,10): error TS6133: 'Layout' is declared but its value is never read.
src/pages/admin/AdminDashboard.tsx(2,18): error TS6133: 'Menu' is declared but its value is never read.
src/pages/admin/AdminDashboard.tsx(3,45): error TS6133: 'DashboardOutlined' is declared but its value is never read.
src/pages/admin/AdminDashboard.tsx(4,10): error TS6133: 'Link' is declared but its value is never read.
src/pages/admin/AdminDashboard.tsx(6,7): error TS6133: 'Title' is declared but its value is never read.
src/pages/admin/AdminDashboard.tsx(9,10): error TS6133: 'collapsed' is declared but its value is never read.
src/pages/admin/AdminDashboard.tsx(9,21): error TS6133: 'setCollapsed' is declared but its value is never read.
src/pages/admin/UserManagement.tsx(249,16): error TS7006: Parameter '_' implicitly has an 'any' type.
src/pages/admin/UserManagement.tsx(278,15): error TS2353: Object literal may only specify known properties, and 'content' does not exist in type 'Partial<Record<SemanticName, CSSProperties>>'.
src/pages/admin/VideoManagement.tsx(35,10): error TS6133: 'error' is declared but its value is never read.
src/pages/admin/VideoManagement.tsx(35,17): error TS6133: 'setError' is declared but its value is never read.
src/pages/CreatePlan.tsx(120,29): error TS6133: 'record' is declared but its value is never read.
src/pages/CreatePlan.tsx(136,37): error TS6133: 'record' is declared but its value is never read.
src/pages/CreatePlan.tsx(153,30): error TS6133: 'record' is declared but its value is never read.
src/pages/CreatePlan.tsx(167,30): error TS6133: 'record' is declared but its value is never read.
src/pages/CreatePlan.tsx(181,32): error TS6133: 'record' is declared but its value is never read.
src/pages/CreatePlan.tsx(195,35): error TS6133: 'record' is declared but its value is never read.
src/pages/CreatePlan.tsx(487,20): error TS2322: Type '(record: any, index: number | undefined) => number | undefined' is not assignable to type 'string | number | symbol | GetRowKey<any> | undefined'.
  Type '(record: any, index: number | undefined) => number | undefined' is not assignable to type 'GetRowKey<any>'.
    Type 'number | undefined' is not assignable to type 'Key'.
      Type 'undefined' is not assignable to type 'Key'.
src/pages/CreatePlan.tsx(487,22): error TS6133: 'record' is declared but its value is never read.
src/pages/Dashboard.tsx(6,32): error TS6133: 'Dropdown' is declared but its value is never read.
src/pages/Dashboard.tsx(6,42): error TS6133: 'Menu' is declared but its value is never read.
src/pages/Dashboard.tsx(6,77): error TS6133: 'Modal' is declared but its value is never read.
src/pages/Dashboard.tsx(11,38): error TS6133: 'updateProfile' is declared but its value is never read.
src/pages/Dashboard.tsx(21,3): error TS6133: 'DollarOutlined' is declared but its value is never read.
src/pages/Dashboard.tsx(24,3): error TS6133: 'BellOutlined' is declared but its value is never read.
src/pages/Dashboard.tsx(27,3): error TS6133: 'PhoneOutlined' is declared but its value is never read.
src/pages/Dashboard.tsx(28,3): error TS6133: 'MailOutlined' is declared but its value is never read.
src/pages/Dashboard.tsx(33,3): error TS6133: 'TagOutlined' is declared but its value is never read.
src/pages/Dashboard.tsx(34,3): error TS6133: 'RiseOutlined' is declared but its value is never read.
src/pages/Dashboard.tsx(38,3): error TS6133: 'ApiOutlined' is declared but its value is never read.
src/pages/Dashboard.tsx(39,3): error TS6133: 'CrownOutlined' is declared but its value is never read.
src/pages/Dashboard.tsx(41,3): error TS6133: 'QuestionCircleOutlined' is declared but its value is never read.
src/pages/Dashboard.tsx(43,3): error TS6133: 'LockOutlined' is declared but its value is never read.
src/pages/Dashboard.tsx(46,3): error TS6133: 'BulbOutlined' is declared but its value is never read.
src/pages/Dashboard.tsx(48,3): error TS6133: 'TrophyOutlined' is declared but its value is never read.
src/pages/Dashboard.tsx(49,3): error TS6133: 'PieChartOutlined' is declared but its value is never read.
src/pages/Dashboard.tsx(50,3): error TS6133: 'ClockCircleOutlined' is declared but its value is never read.
src/pages/Dashboard.tsx(51,3): error TS6133: 'InfoCircleOutlined' is declared but its value is never read.
src/pages/Dashboard.tsx(56,44): error TS6133: 'invalidatePattern' is declared but its value is never read.
src/pages/Dashboard.tsx(56,63): error TS6133: 'clearAll' is declared but its value is never read.
src/pages/Dashboard.tsx(80,25): error TS7006: Parameter 'dateString' implicitly has an 'any' type.
src/pages/Dashboard.tsx(118,37): error TS7006: Parameter 'exerciseId' implicitly has an 'any' type.
src/pages/Dashboard.tsx(157,63): error TS2339: Property 'id' does not exist on type 'never'.
src/pages/Dashboard.tsx(264,10): error TS6133: 'bodyMeasurements' is declared but its value is never read.
src/pages/Dashboard.tsx(282,10): error TS6133: 'showWaistChart' is declared but its value is never read.
src/pages/Dashboard.tsx(282,26): error TS6133: 'setShowWaistChart' is declared but its value is never read.
src/pages/Dashboard.tsx(331,30): error TS6133: 'setAnalysisTimeFilter' is declared but its value is never read.
src/pages/Dashboard.tsx(332,10): error TS6133: 'analysisLoading' is declared but its value is never read.
src/pages/Dashboard.tsx(333,10): error TS6133: 'analysisData' is declared but its value is never read.
src/pages/Dashboard.tsx(415,9): error TS6133: 'commonExercises' is declared but its value is never read.
src/pages/Dashboard.tsx(484,14): error TS2345: Argument of type 'AsyncThunkAction<any, void, AsyncThunkConfig>' is not assignable to parameter of type 'AnyAction'.
src/pages/Dashboard.tsx(509,21): error TS2345: Argument of type '{}' is not assignable to parameter of type 'SetStateAction<never[]>'.
src/pages/Dashboard.tsx(532,23): error TS2345: Argument of type '{}' is not assignable to parameter of type 'SetStateAction<never[]>'.
src/pages/Dashboard.tsx(560,30): error TS7006: Parameter 'exercises' implicitly has an 'any' type.
src/pages/Dashboard.tsx(564,11): error TS6133: 'bmr' is declared but its value is never read.
src/pages/Dashboard.tsx(594,23): error TS7006: Parameter 'exercise' implicitly has an 'any' type.
src/pages/Dashboard.tsx(597,27): error TS7053: Element implicitly has an 'any' type because expression of type 'any' can't be used to index type '{ 鍗ф帹: number; 鍝戦搩椋為笩: number; 淇崸鎾? number; 鍙屾潬鑷傚眻浼? number; 鑳歌倢鎷変几: number; 鍝戦搩鑲╂帹: number; 渚у钩涓? number; 鍓嶅钩涓? number; 淇韩椋為笩: number; 鑲╃粫鐜? number; 寮曚綋鍚戜笂: number; 纭媺: number; 鍒掕埞: number; 楂樹綅涓嬫媺: number; 鑳岄儴鎷変几: number; 娣辫共: number; ... 5 more ...; 鑷€澶ц倢鎷変几: number; }'.
src/pages/Dashboard.tsx(611,33): error TS7006: Parameter 'value' implicitly has an 'any' type.
src/pages/Dashboard.tsx(619,33): error TS7006: Parameter 'index' implicitly has an 'any' type.
src/pages/Dashboard.tsx(619,40): error TS7006: Parameter 'field' implicitly has an 'any' type.
src/pages/Dashboard.tsx(619,47): error TS7006: Parameter 'value' implicitly has an 'any' type.
src/pages/Dashboard.tsx(653,27): error TS7006: Parameter 'index' implicitly has an 'any' type.
src/pages/Dashboard.tsx(732,24): error TS7006: Parameter 'workout' implicitly has an 'any' type.
src/pages/Dashboard.tsx(774,53): error TS18047: 'editingWorkout' is possibly 'null'.
src/pages/Dashboard.tsx(821,24): error TS7006: Parameter 'workout' implicitly has an 'any' type.
src/pages/Dashboard.tsx(848,57): error TS7006: Parameter 'workout' implicitly has an 'any' type.
src/pages/Dashboard.tsx(865,57): error TS7006: Parameter 'workout' implicitly has an 'any' type.
src/pages/Dashboard.tsx(894,19): error TS2339: Property 'exercises' does not exist on type 'never'.
src/pages/Dashboard.tsx(894,40): error TS2339: Property 'exercises' does not exist on type 'never'.
src/pages/Dashboard.tsx(895,24): error TS2339: Property 'exercises' does not exist on type 'never'.
src/pages/Dashboard.tsx(895,39): error TS7006: Parameter 'exercise' implicitly has an 'any' type.
src/pages/Dashboard.tsx(895,49): error TS7006: Parameter 'index' implicitly has an 'any' type.
src/pages/Dashboard.tsx(896,42): error TS2339: Property 'date' does not exist on type 'never'.
src/pages/Dashboard.tsx(897,33): error TS2339: Property 'duration' does not exist on type 'never'.
src/pages/Dashboard.tsx(898,33): error TS2339: Property 'calories' does not exist on type 'never'.
src/pages/Dashboard.tsx(899,34): error TS2339: Property 'notes' does not exist on type 'never'.
src/pages/Dashboard.tsx(908,28): error TS2339: Property 'date' does not exist on type 'never'.
src/pages/Dashboard.tsx(909,19): error TS2339: Property 'duration' does not exist on type 'never'.
src/pages/Dashboard.tsx(910,19): error TS2339: Property 'calories' does not exist on type 'never'.
src/pages/Dashboard.tsx(911,19): error TS2339: Property 'notes' does not exist on type 'never'.
src/pages/Dashboard.tsx(1117,22): error TS2345: Argument of type 'EChartsType' is not assignable to parameter of type 'SetStateAction<null>'.
  Type 'ECharts' provides no match for the signature '(prevState: null): null'.
src/pages/Dashboard.tsx(1127,23): error TS2345: Argument of type 'EChartsType' is not assignable to parameter of type 'SetStateAction<null>'.
  Type 'ECharts' provides no match for the signature '(prevState: null): null'.
src/pages/Dashboard.tsx(1137,26): error TS2345: Argument of type 'EChartsType' is not assignable to parameter of type 'SetStateAction<null>'.
  Type 'ECharts' provides no match for the signature '(prevState: null): null'.
src/pages/Dashboard.tsx(1147,19): error TS2345: Argument of type 'EChartsType' is not assignable to parameter of type 'SetStateAction<null>'.
  Type 'ECharts' provides no match for the signature '(prevState: null): null'.
src/pages/Dashboard.tsx(1157,21): error TS2345: Argument of type 'EChartsType' is not assignable to parameter of type 'SetStateAction<null>'.
  Type 'ECharts' provides no match for the signature '(prevState: null): null'.
src/pages/Dashboard.tsx(1164,42): error TS7006: Parameter 'data' implicitly has an 'any' type.
src/pages/Dashboard.tsx(1167,7): error TS2322: Type 'EChartsType' is not assignable to type 'null'.
src/pages/Dashboard.tsx(1172,28): error TS7006: Parameter 'item' implicitly has an 'any' type.
src/pages/Dashboard.tsx(1177,30): error TS7006: Parameter 'item' implicitly has an 'any' type.
src/pages/Dashboard.tsx(1229,11): error TS2339: Property 'setOption' does not exist on type 'never'.
src/pages/Dashboard.tsx(1233,43): error TS7006: Parameter 'currentBodyFat' implicitly has an 'any' type.
src/pages/Dashboard.tsx(1236,7): error TS2322: Type 'EChartsType' is not assignable to type 'null'.
src/pages/Dashboard.tsx(1247,11): error TS6133: 'obeseAngle' is declared but its value is never read.
src/pages/Dashboard.tsx(1250,11): error TS6133: 'currentAngle' is declared but its value is never read.
src/pages/Dashboard.tsx(1253,9): error TS6133: 'status' is declared but its value is never read.
src/pages/Dashboard.tsx(1254,9): error TS6133: 'statusColor' is declared but its value is never read.
src/pages/Dashboard.tsx(1276,29): error TS7006: Parameter 'params' implicitly has an 'any' type.
src/pages/Dashboard.tsx(1515,11): error TS2339: Property 'setOption' does not exist on type 'never'.
src/pages/Dashboard.tsx(1519,46): error TS7006: Parameter 'muscleMass' implicitly has an 'any' type.
src/pages/Dashboard.tsx(1519,58): error TS7006: Parameter 'totalWeight' implicitly has an 'any' type.
src/pages/Dashboard.tsx(1522,7): error TS2322: Type 'EChartsType' is not assignable to type 'null'.
src/pages/Dashboard.tsx(1572,11): error TS2339: Property 'setOption' does not exist on type 'never'.
src/pages/Dashboard.tsx(1576,39): error TS7006: Parameter 'bmi' implicitly has an 'any' type.
src/pages/Dashboard.tsx(1579,7): error TS2322: Type 'EChartsType' is not assignable to type 'null'.
src/pages/Dashboard.tsx(1584,9): error TS6133: 'status' is declared but its value is never read.
src/pages/Dashboard.tsx(1683,11): error TS2339: Property 'setOption' does not exist on type 'never'.
src/pages/Dashboard.tsx(1687,41): error TS7006: Parameter 'data' implicitly has an 'any' type.
src/pages/Dashboard.tsx(1690,7): error TS2322: Type 'EChartsType' is not assignable to type 'null'.
src/pages/Dashboard.tsx(1696,35): error TS7006: Parameter 'item' implicitly has an 'any' type.
src/pages/Dashboard.tsx(1697,33): error TS7006: Parameter 'item' implicitly has an 'any' type.
src/pages/Dashboard.tsx(1701,34): error TS7006: Parameter 'item' implicitly has an 'any' type.
src/pages/Dashboard.tsx(1753,11): error TS2339: Property 'setOption' does not exist on type 'never'.
src/pages/Dashboard.tsx(1790,43): error TS2339: Property 'bodyFat' does not exist on type 'never'.
src/pages/Dashboard.tsx(1795,46): error TS2339: Property 'muscleMass' does not exist on type 'never'.
src/pages/Dashboard.tsx(1796,42): error TS2339: Property 'weight' does not exist on type 'never'.
src/pages/Dashboard.tsx(1813,20): error TS2339: Property 'resize' does not exist on type 'never'.
src/pages/Dashboard.tsx(1814,21): error TS2339: Property 'resize' does not exist on type 'never'.
src/pages/Dashboard.tsx(1815,24): error TS2339: Property 'resize' does not exist on type 'never'.
src/pages/Dashboard.tsx(1816,17): error TS2339: Property 'resize' does not exist on type 'never'.
src/pages/Dashboard.tsx(1817,19): error TS2339: Property 'resize' does not exist on type 'never'.
src/pages/Dashboard.tsx(1832,9): error TS2304: Cannot find name 'setPlans'.
src/pages/Dashboard.tsx(1837,5): error TS2552: Cannot find name 'setPlansLoading'. Did you mean 'setLoading'?
src/pages/Dashboard.tsx(1848,9): error TS2304: Cannot find name 'setPlans'.
src/pages/Dashboard.tsx(1857,7): error TS2552: Cannot find name 'setPlansLoading'. Did you mean 'setLoading'?
src/pages/Dashboard.tsx(1878,30): error TS2304: Cannot find name 'planForm'.
src/pages/Dashboard.tsx(1883,9): error TS2304: Cannot find name 'setShowCreatePlanModal'.
src/pages/Dashboard.tsx(1885,9): error TS2304: Cannot find name 'setPlanForm'.
src/pages/Dashboard.tsx(1908,31): error TS7006: Parameter 'scheduleData' implicitly has an 'any' type.
src/pages/Dashboard.tsx(1951,15): error TS6133: 'data' is declared but its value is never read.
src/pages/Dashboard.tsx(1965,50): error TS2304: Cannot find name 'currentPlanId'.
src/pages/Dashboard.tsx(1971,30): error TS2304: Cannot find name 'planForm'.
src/pages/Dashboard.tsx(1976,9): error TS2304: Cannot find name 'setShowEditPlanModal'.
src/pages/Dashboard.tsx(1978,9): error TS2304: Cannot find name 'setPlanForm'.
src/pages/Dashboard.tsx(1987,9): error TS2304: Cannot find name 'setCurrentPlanId'.
src/pages/Dashboard.tsx(1988,9): error TS2552: Cannot find name 'setCurrentPlan'. Did you mean 'setCurrentDay'?
src/pages/Dashboard.tsx(2004,10): error TS2304: Cannot find name 'deletingPlanId'.
src/pages/Dashboard.tsx(2008,50): error TS2304: Cannot find name 'deletingPlanId'.
src/pages/Dashboard.tsx(2026,7): error TS2304: Cannot find name 'setShowPlanDeleteConfirmModal'.
src/pages/Dashboard.tsx(2027,7): error TS2304: Cannot find name 'setDeletingPlanId'.
src/pages/Dashboard.tsx(2033,7): error TS2304: Cannot find name 'setShowPlanDeleteConfirmModal'.
src/pages/Dashboard.tsx(2034,7): error TS2304: Cannot find name 'setDeletingPlanId'.
src/pages/Dashboard.tsx(2039,9): error TS6133: 'getPlanDetail' is declared but its value is never read.
src/pages/Dashboard.tsx(2039,32): error TS7006: Parameter 'id' implicitly has an 'any' type.
src/pages/Dashboard.tsx(2050,9): error TS2304: Cannot find name 'setCurrentPlan'.
src/pages/Dashboard.tsx(2064,12): error TS2304: Cannot find name 'recommendedPlans'.
src/pages/Dashboard.tsx(2064,36): error TS7006: Parameter 'plan' implicitly has an 'any' type.
src/pages/Dashboard.tsx(2065,25): error TS2304: Cannot find name 'recommendedPlanFilter'.
src/pages/Dashboard.tsx(2065,79): error TS2304: Cannot find name 'recommendedPlanFilter'.
src/pages/Dashboard.tsx(2066,26): error TS2304: Cannot find name 'recommendedPlanFilter'.
src/pages/Dashboard.tsx(2066,82): error TS2304: Cannot find name 'recommendedPlanFilter'.
src/pages/Dashboard.tsx(2072,40): error TS7006: Parameter 'plan' implicitly has an 'any' type.
src/pages/Dashboard.tsx(2119,26): error TS2345: Argument of type '{}' is not assignable to parameter of type 'SetStateAction<{ totalSessions: number; completedPlans: number; totalCalories: number; streakDays: number; lastMonthSessions: number; lastMonthPlans: number; lastMonthCalories: number; lastMonthStreak: number; ... 4 more ...; todayWorkout: null; }>'.
src/pages/Dashboard.tsx(2146,13): error TS6133: 'bodyData' is declared but its value is never read.
src/pages/Dashboard.tsx(2164,70): error TS7006: Parameter 'w' implicitly has an 'any' type.
src/pages/Dashboard.tsx(2169,70): error TS7006: Parameter 'w' implicitly has an 'any' type.
src/pages/Dashboard.tsx(2175,32): error TS7006: Parameter 'w' implicitly has an 'any' type.
src/pages/Dashboard.tsx(2189,61): error TS7006: Parameter 'p' implicitly has an 'any' type.
src/pages/Dashboard.tsx(2193,60): error TS7006: Parameter 'sum' implicitly has an 'any' type.
src/pages/Dashboard.tsx(2193,65): error TS7006: Parameter 'w' implicitly has an 'any' type.
src/pages/Dashboard.tsx(2194,64): error TS7006: Parameter 'sum' implicitly has an 'any' type.
src/pages/Dashboard.tsx(2194,69): error TS7006: Parameter 'w' implicitly has an 'any' type.
src/pages/Dashboard.tsx(2199,16): error TS7006: Parameter 'a' implicitly has an 'any' type.
src/pages/Dashboard.tsx(2199,19): error TS7006: Parameter 'b' implicitly has an 'any' type.
src/pages/Dashboard.tsx(2199,25): error TS2362: The left-hand side of an arithmetic operation must be of type 'any', 'number', 'bigint' or an enum type.
src/pages/Dashboard.tsx(2199,44): error TS2363: The right-hand side of an arithmetic operation must be of type 'any', 'number', 'bigint' or an enum type.
src/pages/Dashboard.tsx(2218,66): error TS7006: Parameter 'w' implicitly has an 'any' type.
src/pages/Dashboard.tsx(2221,45): error TS7006: Parameter 'e' implicitly has an 'any' type.
src/pages/Dashboard.tsx(2247,57): error TS7006: Parameter 'g' implicitly has an 'any' type.
src/pages/Dashboard.tsx(2248,56): error TS7006: Parameter 'g' implicitly has an 'any' type.
src/pages/Dashboard.tsx(2255,38): error TS7006: Parameter 'w' implicitly has an 'any' type.
src/pages/Dashboard.tsx(2257,45): error TS7006: Parameter 'e' implicitly has an 'any' type.
src/pages/Dashboard.tsx(2276,53): error TS7006: Parameter 'w' implicitly has an 'any' type.
src/pages/Dashboard.tsx(2285,69): error TS7006: Parameter 'w' implicitly has an 'any' type.
src/pages/Dashboard.tsx(2286,53): error TS7006: Parameter 'w' implicitly has an 'any' type.
src/pages/Dashboard.tsx(2328,9): error TS2353: Object literal may only specify known properties, and 'todayWorkoutStatus' does not exist in type 'SetStateAction<{ totalSessions: number; completedPlans: number; totalCalories: number; streakDays: number; lastMonthSessions: number; lastMonthPlans: number; lastMonthCalories: number; lastMonthStreak: number; ... 4 more ...; todayWorkout: null; }>'.
src/pages/Dashboard.tsx(2448,32): error TS7006: Parameter 'd' implicitly has an 'any' type.
src/pages/Dashboard.tsx(2456,55): error TS7006: Parameter 'd' implicitly has an 'any' type.
src/pages/Dashboard.tsx(2464,55): error TS7006: Parameter 'd' implicitly has an 'any' type.
src/pages/Dashboard.tsx(2472,13): error TS6133: 'thisWeekValidDiaries' is declared but its value is never read.
src/pages/Dashboard.tsx(2472,54): error TS7006: Parameter 'd' implicitly has an 'any' type.
src/pages/Dashboard.tsx(2480,13): error TS6133: 'lastWeekValidDiaries' is declared but its value is never read.
src/pages/Dashboard.tsx(2480,54): error TS7006: Parameter 'd' implicitly has an 'any' type.
src/pages/Dashboard.tsx(2490,63): error TS7006: Parameter 'sum' implicitly has an 'any' type.
src/pages/Dashboard.tsx(2490,68): error TS7006: Parameter 'd' implicitly has an 'any' type.
src/pages/Dashboard.tsx(2491,63): error TS7006: Parameter 'sum' implicitly has an 'any' type.
src/pages/Dashboard.tsx(2491,68): error TS7006: Parameter 'd' implicitly has an 'any' type.
src/pages/Dashboard.tsx(2518,30): error TS7006: Parameter 'a' implicitly has an 'any' type.
src/pages/Dashboard.tsx(2518,33): error TS7006: Parameter 'b' implicitly has an 'any' type.
src/pages/Dashboard.tsx(2518,39): error TS2362: The left-hand side of an arithmetic operation must be of type 'any', 'number', 'bigint' or an enum type.
src/pages/Dashboard.tsx(2518,58): error TS2363: The right-hand side of an arithmetic operation must be of type 'any', 'number', 'bigint' or an enum type.
src/pages/Dashboard.tsx(2522,57): error TS7006: Parameter 'm' implicitly has an 'any' type.
src/pages/Dashboard.tsx(2525,16): error TS7006: Parameter 'a' implicitly has an 'any' type.
src/pages/Dashboard.tsx(2525,19): error TS7006: Parameter 'b' implicitly has an 'any' type.
src/pages/Dashboard.tsx(2525,25): error TS2362: The left-hand side of an arithmetic operation must be of type 'any', 'number', 'bigint' or an enum type.
src/pages/Dashboard.tsx(2525,44): error TS2363: The right-hand side of an arithmetic operation must be of type 'any', 'number', 'bigint' or an enum type.
src/pages/Dashboard.tsx(2533,63): error TS7006: Parameter 'sum' implicitly has an 'any' type.
src/pages/Dashboard.tsx(2533,68): error TS7006: Parameter 'd' implicitly has an 'any' type.
src/pages/Dashboard.tsx(2534,63): error TS7006: Parameter 'sum' implicitly has an 'any' type.
src/pages/Dashboard.tsx(2534,68): error TS7006: Parameter 'd' implicitly has an 'any' type.
src/pages/Dashboard.tsx(2538,56): error TS7006: Parameter 'g' implicitly has an 'any' type.
src/pages/Dashboard.tsx(2551,57): error TS7006: Parameter 'g' implicitly has an 'any' type.
src/pages/Dashboard.tsx(2558,62): error TS7006: Parameter 'a' implicitly has an 'any' type.
src/pages/Dashboard.tsx(2558,65): error TS7006: Parameter 'b' implicitly has an 'any' type.
src/pages/Dashboard.tsx(2558,71): error TS2362: The left-hand side of an arithmetic operation must be of type 'any', 'number', 'bigint' or an enum type.
src/pages/Dashboard.tsx(2558,90): error TS2363: The right-hand side of an arithmetic operation must be of type 'any', 'number', 'bigint' or an enum type.
src/pages/Dashboard.tsx(2564,56): error TS7006: Parameter 'd' implicitly has an 'any' type.
src/pages/Dashboard.tsx(2572,60): error TS7006: Parameter 'd' implicitly has an 'any' type.
src/pages/Dashboard.tsx(2588,58): error TS7006: Parameter 'd' implicitly has an 'any' type.
src/pages/Dashboard.tsx(2608,37): error TS7006: Parameter 'd' implicitly has an 'any' type.
src/pages/Dashboard.tsx(2619,17): error TS7006: Parameter 'm' implicitly has an 'any' type.
src/pages/Dashboard.tsx(2623,16): error TS7006: Parameter 'a' implicitly has an 'any' type.
src/pages/Dashboard.tsx(2623,19): error TS7006: Parameter 'b' implicitly has an 'any' type.
src/pages/Dashboard.tsx(2623,25): error TS2362: The left-hand side of an arithmetic operation must be of type 'any', 'number', 'bigint' or an enum type.
src/pages/Dashboard.tsx(2623,44): error TS2363: The right-hand side of an arithmetic operation must be of type 'any', 'number', 'bigint' or an enum type.
src/pages/Dashboard.tsx(2624,14): error TS7006: Parameter 'm' implicitly has an 'any' type.
src/pages/Dashboard.tsx(2640,21): error TS7006: Parameter 'd' implicitly has an 'any' type.
src/pages/Dashboard.tsx(2641,22): error TS7006: Parameter 'sum' implicitly has an 'any' type.
src/pages/Dashboard.tsx(2641,27): error TS7006: Parameter 'd' implicitly has an 'any' type.
src/pages/Dashboard.tsx(2656,37): error TS7006: Parameter 'd' implicitly has an 'any' type.
src/pages/Dashboard.tsx(2774,9): error TS2322: Type '{ date: string; calories: any; }[]' is not assignable to type 'never[]'.
  Type '{ date: string; calories: any; }' is not assignable to type 'never'.
src/pages/Dashboard.tsx(2782,9): error TS2322: Type '{ type: string; icon: string; title: string; content: string; }[]' is not assignable to type 'never[]'.
  Type '{ type: string; icon: string; title: string; content: string; }' is not assignable to type 'never'.
src/pages/Dashboard.tsx(2830,18): error TS2345: Argument of type 'AsyncThunkAction<null, void, AsyncThunkConfig>' is not assignable to parameter of type 'AnyAction'.
src/pages/Dashboard.tsx(3063,15): error TS6133: 'aiMessageResponse' is declared but its value is never read.
src/pages/Dashboard.tsx(3525,28): error TS2345: Argument of type 'AsyncThunkAction<null, void, AsyncThunkConfig>' is not assignable to parameter of type 'AnyAction'.
src/pages/Dashboard.tsx(3555,36): error TS2339: Property 'isNewMonth' does not exist on type '{ totalSessions: number; completedPlans: number; totalCalories: number; streakDays: number; lastMonthSessions: number; lastMonthPlans: number; lastMonthCalories: number; lastMonthStreak: number; ... 4 more ...; todayWorkout: null; }'.
src/pages/Dashboard.tsx(3557,39): error TS2339: Property 'showComparison' does not exist on type '{ totalSessions: number; completedPlans: number; totalCalories: number; streakDays: number; lastMonthSessions: number; lastMonthPlans: number; lastMonthCalories: number; lastMonthStreak: number; ... 4 more ...; todayWorkout: null; }'.
src/pages/Dashboard.tsx(3600,36): error TS2339: Property 'isNewMonth' does not exist on type '{ totalSessions: number; completedPlans: number; totalCalories: number; streakDays: number; lastMonthSessions: number; lastMonthPlans: number; lastMonthCalories: number; lastMonthStreak: number; ... 4 more ...; todayWorkout: null; }'.
src/pages/Dashboard.tsx(3602,39): error TS2339: Property 'showComparison' does not exist on type '{ totalSessions: number; completedPlans: number; totalCalories: number; streakDays: number; lastMonthSessions: number; lastMonthPlans: number; lastMonthCalories: number; lastMonthStreak: number; ... 4 more ...; todayWorkout: null; }'.
src/pages/Dashboard.tsx(3665,51): error TS7006: Parameter 'type' implicitly has an 'any' type.
src/pages/Dashboard.tsx(3673,47): error TS7006: Parameter 'dateStr' implicitly has an 'any' type.
src/pages/Dashboard.tsx(3691,58): error TS2362: The left-hand side of an arithmetic operation must be of type 'any', 'number', 'bigint' or an enum type.
src/pages/Dashboard.tsx(3691,66): error TS2363: The right-hand side of an arithmetic operation must be of type 'any', 'number', 'bigint' or an enum type.
src/pages/Dashboard.tsx(3702,57): error TS2339: Property 'type' does not exist on type 'never'.
src/pages/Dashboard.tsx(3705,99): error TS2339: Property 'name' does not exist on type 'never'.
src/pages/Dashboard.tsx(3707,55): error TS2339: Property 'date' does not exist on type 'never'.
src/pages/Dashboard.tsx(3707,73): error TS2339: Property 'duration' does not exist on type 'never'.
src/pages/Dashboard.tsx(3711,86): error TS2339: Property 'calories' does not exist on type 'never'.
src/pages/Dashboard.tsx(3833,57): error TS2339: Property 'date' does not exist on type 'never'.
src/pages/Dashboard.tsx(3836,52): error TS2339: Property 'date' does not exist on type 'never'.
src/pages/Dashboard.tsx(3958,45): error TS2532: Object is possibly 'undefined'.
src/pages/Dashboard.tsx(3958,97): error TS2532: Object is possibly 'undefined'.
src/pages/Dashboard.tsx(3958,153): error TS2532: Object is possibly 'undefined'.
src/pages/Dashboard.tsx(3958,205): error TS2532: Object is possibly 'undefined'.
src/pages/Dashboard.tsx(4056,41): error TS2551: Property 'todayWorkoutStatus' does not exist on type '{ totalSessions: number; completedPlans: number; totalCalories: number; streakDays: number; lastMonthSessions: number; lastMonthPlans: number; lastMonthCalories: number; lastMonthStreak: number; ... 4 more ...; todayWorkout: null; }'. Did you mean 'todayWorkout'?
src/pages/Dashboard.tsx(4057,41): error TS2551: Property 'todayWorkoutStatus' does not exist on type '{ totalSessions: number; completedPlans: number; totalCalories: number; streakDays: number; lastMonthSessions: number; lastMonthPlans: number; lastMonthCalories: number; lastMonthStreak: number; ... 4 more ...; todayWorkout: null; }'. Did you mean 'todayWorkout'?
src/pages/Dashboard.tsx(4059,42): error TS2551: Property 'todayWorkoutStatus' does not exist on type '{ totalSessions: number; completedPlans: number; totalCalories: number; streakDays: number; lastMonthSessions: number; lastMonthPlans: number; lastMonthCalories: number; lastMonthStreak: number; ... 4 more ...; todayWorkout: null; }'. Did you mean 'todayWorkout'?
src/pages/Dashboard.tsx(4077,196): error TS2304: Cannot find name 'setShowCreatePlanModal'.
src/pages/Dashboard.tsx(4084,20): error TS2304: Cannot find name 'plansLoading'.
src/pages/Dashboard.tsx(4089,23): error TS2304: Cannot find name 'plans'.
src/pages/Dashboard.tsx(4094,21): error TS2304: Cannot find name 'plans'.
src/pages/Dashboard.tsx(4094,32): error TS7006: Parameter 'plan' implicitly has an 'any' type.
src/pages/Dashboard.tsx(4094,38): error TS7006: Parameter 'index' implicitly has an 'any' type.
src/pages/Dashboard.tsx(4096,46): error TS7006: Parameter 'plan' implicitly has an 'any' type.
src/pages/Dashboard.tsx(4103,52): error TS7006: Parameter 'plan' implicitly has an 'any' type.
src/pages/Dashboard.tsx(4107,55): error TS2362: The left-hand side of an arithmetic operation must be of type 'any', 'number', 'bigint' or an enum type.
src/pages/Dashboard.tsx(4107,66): error TS2363: The right-hand side of an arithmetic operation must be of type 'any', 'number', 'bigint' or an enum type.
src/pages/Dashboard.tsx(4121,27): error TS2304: Cannot find name 'setCurrentPlanId'.
src/pages/Dashboard.tsx(4122,27): error TS2304: Cannot find name 'setShowPlanDetailModal'.
src/pages/Dashboard.tsx(4135,33): error TS2304: Cannot find name 'setCurrentPlanId'.
src/pages/Dashboard.tsx(4136,33): error TS2304: Cannot find name 'setPlanForm'.
src/pages/Dashboard.tsx(4145,33): error TS2304: Cannot find name 'setShowEditPlanModal'.
src/pages/Dashboard.tsx(4151,33): error TS2304: Cannot find name 'setDeletingPlanId'.
src/pages/Dashboard.tsx(4152,33): error TS2304: Cannot find name 'setShowPlanDeleteConfirmModal'.
src/pages/Dashboard.tsx(4214,30): error TS2304: Cannot find name 'recommendedPlanFilter'.
src/pages/Dashboard.tsx(4215,44): error TS2304: Cannot find name 'setRecommendedPlanFilter'.
src/pages/Dashboard.tsx(4215,73): error TS2304: Cannot find name 'recommendedPlanFilter'.
src/pages/Dashboard.tsx(4226,30): error TS2304: Cannot find name 'recommendedPlanFilter'.
src/pages/Dashboard.tsx(4227,44): error TS2304: Cannot find name 'setRecommendedPlanFilter'.
src/pages/Dashboard.tsx(4227,73): error TS2304: Cannot find name 'recommendedPlanFilter'.
src/pages/Dashboard.tsx(4240,55): error TS7006: Parameter 'plan' implicitly has an 'any' type.
src/pages/Dashboard.tsx(4240,61): error TS7006: Parameter 'index' implicitly has an 'any' type.
src/pages/Dashboard.tsx(4354,40): error TS7053: Element implicitly has an 'any' type because expression of type 'number' can't be used to index type '{ 0: { name: string; time: string; }[]; 1: { name: string; time: string; }[]; 3: { name: string; time: string; }[]; 4: { name: string; time: string; }[]; 5: { name: string; time: string; }[]; }'.
  No index signature with a parameter of type 'number' was found on type '{ 0: { name: string; time: string; }[]; 1: { name: string; time: string; }[]; 3: { name: string; time: string; }[]; 4: { name: string; time: string; }[]; 5: { name: string; time: string; }[]; }'.
src/pages/Dashboard.tsx(4362,44): error TS2345: Argument of type '{ day: string; date: string; workouts: any; }' is not assignable to parameter of type 'SetStateAction<null>'.
  Type '{ day: string; date: string; workouts: any; }' provides no match for the signature '(prevState: null): null'.
src/pages/Dashboard.tsx(4373,45): error TS7006: Parameter 'workout' implicitly has an 'any' type.
src/pages/Dashboard.tsx(4373,54): error TS7006: Parameter 'workoutIndex' implicitly has an 'any' type.
src/pages/Dashboard.tsx(4392,45): error TS2345: Argument of type '{ day: string; date: string; workouts: any; }' is not assignable to parameter of type 'SetStateAction<null>'.
  Type '{ day: string; date: string; workouts: any; }' provides no match for the signature '(prevState: null): null'.
src/pages/Dashboard.tsx(4440,59): error TS2345: Argument of type 'number | null' is not assignable to parameter of type 'SetStateAction<null>'.
  Type 'number' is not assignable to type 'SetStateAction<null>'.
src/pages/Dashboard.tsx(4488,85): error TS2339: Property 'day' does not exist on type 'never'.
src/pages/Dashboard.tsx(4502,81): error TS2339: Property 'name' does not exist on type 'never'.
src/pages/Dashboard.tsx(4507,80): error TS2339: Property 'time' does not exist on type 'never'.
src/pages/Dashboard.tsx(4512,90): error TS2339: Property 'id' does not exist on type 'never'.
src/pages/Dashboard.tsx(4570,87): error TS2339: Property 'day' does not exist on type 'never'.
src/pages/Dashboard.tsx(4613,47): error TS2339: Property 'day' does not exist on type 'never'.
src/pages/Dashboard.tsx(4614,48): error TS2339: Property 'date' does not exist on type 'never'.
src/pages/Dashboard.tsx(4615,37): error TS2531: Object is possibly 'null'.
src/pages/Dashboard.tsx(4615,91): error TS2339: Property 'value' does not exist on type 'Element'.
src/pages/Dashboard.tsx(4616,37): error TS2531: Object is possibly 'null'.
src/pages/Dashboard.tsx(4616,100): error TS2339: Property 'value' does not exist on type 'Element'.
src/pages/Dashboard.tsx(4617,42): error TS2531: Object is possibly 'null'.
src/pages/Dashboard.tsx(4617,110): error TS2339: Property 'value' does not exist on type 'Element'.
src/pages/Dashboard.tsx(4617,131): error TS7006: Parameter 'item' implicitly has an 'any' type.
src/pages/Dashboard.tsx(4649,56): error TS2339: Property 'name' does not exist on type 'never'.
src/pages/Dashboard.tsx(4656,56): error TS2339: Property 'time' does not exist on type 'never'.
src/pages/Dashboard.tsx(4663,56): error TS2339: Property 'details' does not exist on type 'never'.
src/pages/Dashboard.tsx(4663,81): error TS2339: Property 'details' does not exist on type 'never'.
src/pages/Dashboard.tsx(4678,35): error TS6133: 'updatedScheduleData' is declared but its value is never read.
src/pages/Dashboard.tsx(4679,50): error TS2339: Property 'id' does not exist on type 'never'.
src/pages/Dashboard.tsx(4680,37): error TS2531: Object is possibly 'null'.
src/pages/Dashboard.tsx(4680,100): error TS2339: Property 'name' does not exist on type 'never'.
src/pages/Dashboard.tsx(4680,113): error TS2339: Property 'value' does not exist on type 'Element'.
src/pages/Dashboard.tsx(4681,37): error TS2531: Object is possibly 'null'.
src/pages/Dashboard.tsx(4681,100): error TS2339: Property 'time' does not exist on type 'never'.
src/pages/Dashboard.tsx(4681,113): error TS2339: Property 'value' does not exist on type 'Element'.
src/pages/Dashboard.tsx(4682,42): error TS2531: Object is possibly 'null'.
src/pages/Dashboard.tsx(4682,109): error TS2339: Property 'details' does not exist on type 'never'.
src/pages/Dashboard.tsx(4682,134): error TS2339: Property 'details' does not exist on type 'never'.
src/pages/Dashboard.tsx(4682,167): error TS2339: Property 'value' does not exist on type 'Element'.
src/pages/Dashboard.tsx(4682,188): error TS7006: Parameter 'item' implicitly has an 'any' type.
src/pages/Dashboard.tsx(4888,45): error TS6133: 'index' is declared but its value is never read.
src/pages/Dashboard.tsx(4890,38): error TS2339: Property 'id' does not exist on type 'never'.
src/pages/Dashboard.tsx(4896,86): error TS2339: Property 'exercises' does not exist on type 'never'.
src/pages/Dashboard.tsx(4898,49): error TS2339: Property 'date' does not exist on type 'never'.
src/pages/Dashboard.tsx(4898,88): error TS2339: Property 'duration' does not exist on type 'never'.
src/pages/Dashboard.tsx(4902,82): error TS2339: Property 'calories' does not exist on type 'never'.
src/pages/Dashboard.tsx(4921,64): error TS2339: Property 'id' does not exist on type 'never'.
src/pages/Dashboard.tsx(4931,34): error TS2339: Property 'exercises' does not exist on type 'never'.
src/pages/Dashboard.tsx(4931,55): error TS2339: Property 'exercises' does not exist on type 'never'.
src/pages/Dashboard.tsx(4934,38): error TS2339: Property 'exercises' does not exist on type 'never'.
src/pages/Dashboard.tsx(4934,53): error TS7006: Parameter 'exercise' implicitly has an 'any' type.
src/pages/Dashboard.tsx(4934,63): error TS7006: Parameter 'exerciseIndex' implicitly has an 'any' type.
src/pages/Dashboard.tsx(4960,34): error TS2339: Property 'notes' does not exist on type 'never'.
src/pages/Dashboard.tsx(4963,72): error TS2339: Property 'notes' does not exist on type 'never'.
src/pages/Dashboard.tsx(5380,96): error TS2339: Property 'date' does not exist on type 'never'.
src/pages/Dashboard.tsx(5384,87): error TS2339: Property 'duration' does not exist on type 'never'.
src/pages/Dashboard.tsx(5390,85): error TS2339: Property 'calories' does not exist on type 'never'.
src/pages/Dashboard.tsx(5393,45): error TS2339: Property 'notes' does not exist on type 'never'.
src/pages/Dashboard.tsx(5396,87): error TS2339: Property 'notes' does not exist on type 'never'.
src/pages/Dashboard.tsx(5400,45): error TS2339: Property 'exercises' does not exist on type 'never'.
src/pages/Dashboard.tsx(5400,79): error TS2339: Property 'exercises' does not exist on type 'never'.
src/pages/Dashboard.tsx(5403,49): error TS2339: Property 'exercises' does not exist on type 'never'.
src/pages/Dashboard.tsx(5403,64): error TS7006: Parameter 'exercise' implicitly has an 'any' type.
src/pages/Dashboard.tsx(5403,74): error TS7006: Parameter 'index' implicitly has an 'any' type.
src/pages/Dashboard.tsx(5460,12): error TS2304: Cannot find name 'showCreatePlanModal'.
src/pages/Dashboard.tsx(5467,36): error TS2304: Cannot find name 'setShowCreatePlanModal'.
src/pages/Dashboard.tsx(5478,32): error TS2304: Cannot find name 'planForm'.
src/pages/Dashboard.tsx(5479,42): error TS2304: Cannot find name 'setPlanForm'.
src/pages/Dashboard.tsx(5479,54): error TS7006: Parameter 'prev' implicitly has an 'any' type.
src/pages/Dashboard.tsx(5488,32): error TS2304: Cannot find name 'planForm'.
src/pages/Dashboard.tsx(5489,46): error TS2304: Cannot find name 'setPlanForm'.
src/pages/Dashboard.tsx(5489,58): error TS7006: Parameter 'prev' implicitly has an 'any' type.
src/pages/Dashboard.tsx(5502,32): error TS2304: Cannot find name 'planForm'.
src/pages/Dashboard.tsx(5503,46): error TS2304: Cannot find name 'setPlanForm'.
src/pages/Dashboard.tsx(5503,58): error TS7006: Parameter 'prev' implicitly has an 'any' type.
src/pages/Dashboard.tsx(5516,32): error TS2304: Cannot find name 'planForm'.
src/pages/Dashboard.tsx(5517,42): error TS2304: Cannot find name 'setPlanForm'.
src/pages/Dashboard.tsx(5517,54): error TS7006: Parameter 'prev' implicitly has an 'any' type.
src/pages/Dashboard.tsx(5529,30): error TS2304: Cannot find name 'planForm'.
src/pages/Dashboard.tsx(5530,40): error TS2304: Cannot find name 'setPlanForm'.
src/pages/Dashboard.tsx(5530,52): error TS7006: Parameter 'prev' implicitly has an 'any' type.
src/pages/Dashboard.tsx(5540,30): error TS2304: Cannot find name 'planForm'.
src/pages/Dashboard.tsx(5541,44): error TS2304: Cannot find name 'setPlanForm'.
src/pages/Dashboard.tsx(5541,56): error TS7006: Parameter 'prev' implicitly has an 'any' type.
src/pages/Dashboard.tsx(5554,40): error TS2304: Cannot find name 'setPlanForm'.
src/pages/Dashboard.tsx(5554,52): error TS7006: Parameter 'prev' implicitly has an 'any' type.
src/pages/Dashboard.tsx(5571,22): error TS2304: Cannot find name 'planForm'.
src/pages/Dashboard.tsx(5571,42): error TS7006: Parameter 'item' implicitly has an 'any' type.
src/pages/Dashboard.tsx(5571,48): error TS7006: Parameter 'index' implicitly has an 'any' type.
src/pages/Dashboard.tsx(5577,44): error TS2304: Cannot find name 'setPlanForm'.
src/pages/Dashboard.tsx(5577,56): error TS7006: Parameter 'prev' implicitly has an 'any' type.
src/pages/Dashboard.tsx(5579,57): error TS7006: Parameter '_' implicitly has an 'any' type.
src/pages/Dashboard.tsx(5579,60): error TS7006: Parameter 'i' implicitly has an 'any' type.
src/pages/Dashboard.tsx(5593,54): error TS2304: Cannot find name 'planForm'.
src/pages/Dashboard.tsx(5595,33): error TS2304: Cannot find name 'setPlanForm'.
src/pages/Dashboard.tsx(5595,45): error TS7006: Parameter 'prev' implicitly has an 'any' type.
src/pages/Dashboard.tsx(5598,36): error TS2304: Cannot find name 'planForm'.
src/pages/Dashboard.tsx(5608,54): error TS2304: Cannot find name 'planForm'.
src/pages/Dashboard.tsx(5610,33): error TS2304: Cannot find name 'setPlanForm'.
src/pages/Dashboard.tsx(5610,45): error TS7006: Parameter 'prev' implicitly has an 'any' type.
src/pages/Dashboard.tsx(5629,54): error TS2304: Cannot find name 'planForm'.
src/pages/Dashboard.tsx(5631,33): error TS2304: Cannot find name 'setPlanForm'.
src/pages/Dashboard.tsx(5631,45): error TS7006: Parameter 'prev' implicitly has an 'any' type.
src/pages/Dashboard.tsx(5645,54): error TS2304: Cannot find name 'planForm'.
src/pages/Dashboard.tsx(5647,33): error TS2304: Cannot find name 'setPlanForm'.
src/pages/Dashboard.tsx(5647,45): error TS7006: Parameter 'prev' implicitly has an 'any' type.
src/pages/Dashboard.tsx(5661,54): error TS2304: Cannot find name 'planForm'.
src/pages/Dashboard.tsx(5663,33): error TS2304: Cannot find name 'setPlanForm'.
src/pages/Dashboard.tsx(5663,45): error TS7006: Parameter 'prev' implicitly has an 'any' type.
src/pages/Dashboard.tsx(5677,54): error TS2304: Cannot find name 'planForm'.
src/pages/Dashboard.tsx(5679,33): error TS2304: Cannot find name 'setPlanForm'.
src/pages/Dashboard.tsx(5679,45): error TS7006: Parameter 'prev' implicitly has an 'any' type.
src/pages/Dashboard.tsx(5695,36): error TS2304: Cannot find name 'setShowCreatePlanModal'.
src/pages/Dashboard.tsx(5711,12): error TS2304: Cannot find name 'showPlanDetailModal'.
src/pages/Dashboard.tsx(5718,36): error TS2304: Cannot find name 'setShowPlanDetailModal'.
src/pages/Dashboard.tsx(5775,36): error TS2304: Cannot find name 'setShowPlanDetailModal'.
src/pages/Dashboard.tsx(5785,12): error TS2304: Cannot find name 'showEditPlanModal'.
src/pages/Dashboard.tsx(5792,36): error TS2304: Cannot find name 'setShowEditPlanModal'.
src/pages/Dashboard.tsx(5803,32): error TS2304: Cannot find name 'planForm'.
src/pages/Dashboard.tsx(5804,42): error TS2304: Cannot find name 'setPlanForm'.
src/pages/Dashboard.tsx(5804,54): error TS7006: Parameter 'prev' implicitly has an 'any' type.
src/pages/Dashboard.tsx(5813,32): error TS2304: Cannot find name 'planForm'.
src/pages/Dashboard.tsx(5814,46): error TS2304: Cannot find name 'setPlanForm'.
src/pages/Dashboard.tsx(5814,58): error TS7006: Parameter 'prev' implicitly has an 'any' type.
src/pages/Dashboard.tsx(5827,32): error TS2304: Cannot find name 'planForm'.
src/pages/Dashboard.tsx(5828,46): error TS2304: Cannot find name 'setPlanForm'.
src/pages/Dashboard.tsx(5828,58): error TS7006: Parameter 'prev' implicitly has an 'any' type.
src/pages/Dashboard.tsx(5841,32): error TS2304: Cannot find name 'planForm'.
src/pages/Dashboard.tsx(5842,42): error TS2304: Cannot find name 'setPlanForm'.
src/pages/Dashboard.tsx(5842,54): error TS7006: Parameter 'prev' implicitly has an 'any' type.
src/pages/Dashboard.tsx(5854,30): error TS2304: Cannot find name 'planForm'.
src/pages/Dashboard.tsx(5855,40): error TS2304: Cannot find name 'setPlanForm'.
src/pages/Dashboard.tsx(5855,52): error TS7006: Parameter 'prev' implicitly has an 'any' type.
src/pages/Dashboard.tsx(5865,30): error TS2304: Cannot find name 'planForm'.
src/pages/Dashboard.tsx(5866,44): error TS2304: Cannot find name 'setPlanForm'.
src/pages/Dashboard.tsx(5866,56): error TS7006: Parameter 'prev' implicitly has an 'any' type.
src/pages/Dashboard.tsx(5878,36): error TS2304: Cannot find name 'setShowEditPlanModal'.
src/pages/Dashboard.tsx(5898,82): error TS2339: Property 'title' does not exist on type 'never'.
src/pages/Dashboard.tsx(5909,39): error TS2339: Property 'url' does not exist on type 'never'.
src/pages/Dashboard.tsx(5970,41): error TS2339: Property 'id' does not exist on type 'never'.
src/pages/Dashboard.tsx(5973,60): error TS2339: Property 'name' does not exist on type 'never'.
src/pages/Dashboard.tsx(5974,78): error TS2339: Property 'id' does not exist on type 'never'.
src/pages/Dashboard.tsx(5976,31): error TS2353: Object literal may only specify known properties, and 'id' does not exist in type '(prevState: null) => null'.
src/pages/Dashboard.tsx(5976,44): error TS2339: Property 'id' does not exist on type 'never'.
src/pages/Dashboard.tsx(5977,46): error TS2339: Property 'name' does not exist on type 'never'.
src/pages/Dashboard.tsx(5978,48): error TS2339: Property 'video_count' does not exist on type 'never'.
src/pages/Dashboard.tsx(5979,54): error TS7006: Parameter 'video' implicitly has an 'any' type.
src/pages/Dashboard.tsx(6028,62): error TS2339: Property 'cover_images' does not exist on type 'never'.
src/pages/Dashboard.tsx(6029,66): error TS2339: Property 'cover_video_paths' does not exist on type 'never'.
src/pages/Dashboard.tsx(6061,43): error TS2353: Object literal may only specify known properties, and 'id' does not exist in type '(prevState: null) => null'.
src/pages/Dashboard.tsx(6062,59): error TS2339: Property 'name' does not exist on type 'never'.
src/pages/Dashboard.tsx(6127,43): error TS2339: Property 'name' does not exist on type 'never'.
src/pages/Dashboard.tsx(6134,101): error TS2339: Property 'video_count' does not exist on type 'never'.
src/pages/Dashboard.tsx(6161,76): error TS2339: Property 'name' does not exist on type 'never'.
src/pages/Dashboard.tsx(6170,35): error TS2339: Property 'videosList' does not exist on type 'never'.
src/pages/Dashboard.tsx(6170,51): error TS7006: Parameter 'video' implicitly has an 'any' type.
src/pages/Dashboard.tsx(6239,25): error TS2353: Object literal may only specify known properties, and 'duration' does not exist in type 'SetStateAction<{ content: string; tags: string; date: string; }>'.
src/pages/Dashboard.tsx(6263,36): error TS2339: Property 'id' does not exist on type 'never'.
src/pages/Dashboard.tsx(6271,71): error TS2339: Property 'date' does not exist on type 'never'.
src/pages/Dashboard.tsx(6271,97): error TS2339: Property 'date' does not exist on type 'never'.
src/pages/Dashboard.tsx(6273,63): error TS2339: Property 'content' does not exist on type 'never'.
src/pages/Dashboard.tsx(6276,76): error TS2339: Property 'duration' does not exist on type 'never'.
src/pages/Dashboard.tsx(6276,96): error TS2339: Property 'duration' does not exist on type 'never'.
src/pages/Dashboard.tsx(6277,36): error TS2339: Property 'tags' does not exist on type 'never'.
src/pages/Dashboard.tsx(6278,78): error TS2339: Property 'tags' does not exist on type 'never'.
src/pages/Dashboard.tsx(6278,98): error TS7006: Parameter 'tag' implicitly has an 'any' type.
src/pages/Dashboard.tsx(6289,50): error TS2339: Property 'content' does not exist on type 'never'.
src/pages/Dashboard.tsx(6290,35): error TS2353: Object literal may only specify known properties, and 'duration' does not exist in type 'SetStateAction<{ content: string; tags: string; date: string; }>'.
src/pages/Dashboard.tsx(6290,51): error TS2339: Property 'duration' does not exist on type 'never'.
src/pages/Dashboard.tsx(6291,47): error TS2339: Property 'tags' does not exist on type 'never'.
src/pages/Dashboard.tsx(6292,47): error TS2339: Property 'date' does not exist on type 'never'.
src/pages/Dashboard.tsx(6305,58): error TS2339: Property 'id' does not exist on type 'never'.
src/pages/Dashboard.tsx(6386,27): error TS2304: Cannot find name 'setCurrentPlanId'.
src/pages/Dashboard.tsx(6387,27): error TS2304: Cannot find name 'setShowPlanDetailModal'.
src/pages/Dashboard.tsx(6392,27): error TS2304: Cannot find name 'setCurrentPlanId'.
src/pages/Dashboard.tsx(6393,27): error TS2304: Cannot find name 'setShowEditPlanModal'.
src/pages/Dashboard.tsx(6416,55): error TS2339: Property 'weight' does not exist on type 'never'.
src/pages/Dashboard.tsx(6417,56): error TS2339: Property 'bodyFat' does not exist on type 'never'.
src/pages/Dashboard.tsx(6418,59): error TS2339: Property 'muscleMass' does not exist on type 'never'.
src/pages/Dashboard.tsx(6419,54): error TS2339: Property 'waist' does not exist on type 'never'.
src/pages/Dashboard.tsx(6420,54): error TS2339: Property 'chest' does not exist on type 'never'.
src/pages/Dashboard.tsx(6421,53): error TS2339: Property 'hips' does not exist on type 'never'.
src/pages/Dashboard.tsx(6422,55): error TS2339: Property 'biceps' does not exist on type 'never'.
src/pages/Dashboard.tsx(6423,55): error TS2339: Property 'thighs' does not exist on type 'never'.
src/pages/Dashboard.tsx(6441,93): error TS2339: Property 'weight' does not exist on type 'never'.
src/pages/Dashboard.tsx(6461,93): error TS2339: Property 'bodyFat' does not exist on type 'never'.
src/pages/Dashboard.tsx(6470,65): error TS2339: Property 'bodyFat' does not exist on type 'never'.
src/pages/Dashboard.tsx(6491,93): error TS2339: Property 'muscleMass' does not exist on type 'never'.
src/pages/Dashboard.tsx(6511,93): error TS2339: Property 'waist' does not exist on type 'never'.
src/pages/Dashboard.tsx(6517,94): error TS2339: Property 'chest' does not exist on type 'never'.
src/pages/Dashboard.tsx(6521,94): error TS2339: Property 'hips' does not exist on type 'never'.
src/pages/Dashboard.tsx(6528,94): error TS2339: Property 'thighs' does not exist on type 'never'.
src/pages/Dashboard.tsx(6532,94): error TS2339: Property 'biceps' does not exist on type 'never'.
src/pages/Dashboard.tsx(7188,23): error TS2353: Object literal may only specify known properties, and 'duration' does not exist in type 'SetStateAction<{ content: string; tags: string; date: string; }>'.
src/pages/Dashboard.tsx(7243,23): error TS2353: Object literal may only specify known properties, and 'duration' does not exist in type 'SetStateAction<{ content: string; tags: string; date: string; }>'.
src/pages/Dashboard.tsx(7283,74): error TS2339: Property 'date' does not exist on type 'never'.
src/pages/Dashboard.tsx(7283,108): error TS2339: Property 'date' does not exist on type 'never'.
src/pages/Dashboard.tsx(7287,60): error TS2339: Property 'content' does not exist on type 'never'.
src/pages/Dashboard.tsx(7292,76): error TS2339: Property 'duration' does not exist on type 'never'.
src/pages/Dashboard.tsx(7292,104): error TS2339: Property 'duration' does not exist on type 'never'.
src/pages/Dashboard.tsx(7296,76): error TS2339: Property 'tags' does not exist on type 'never'.
src/pages/Dashboard.tsx(7296,97): error TS2339: Property 'tags' does not exist on type 'never'.
src/pages/Dashboard.tsx(7296,117): error TS7006: Parameter 'tag' implicitly has an 'any' type.
src/pages/Dashboard.tsx(7307,46): error TS2339: Property 'content' does not exist on type 'never'.
src/pages/Dashboard.tsx(7308,43): error TS2339: Property 'tags' does not exist on type 'never'.
src/pages/Dashboard.tsx(7309,43): error TS2339: Property 'date' does not exist on type 'never'.
src/pages/Dashboard.tsx(7320,54): error TS2339: Property 'id' does not exist on type 'never'.
src/pages/Dashboard.tsx(7387,10): error TS2304: Cannot find name 'showPlanDeleteConfirmModal'.
src/pages/Dashboard.tsx(7396,21): error TS2304: Cannot find name 'setShowPlanDeleteConfirmModal'.
src/pages/Dashboard.tsx(7397,21): error TS2304: Cannot find name 'setDeletingPlanId'.
src/pages/Dashboard.tsx(7428,11): error TS2719: Type '(goal: Goal | null) => void' is not assignable to type '(goal: Goal | null) => void'. Two different types with this name exist, but they are unrelated.
  Types of parameters 'goal' and 'goal' are incompatible.
    Type 'Goal | null' is not assignable to type 'Goal | null'. Two different types with this name exist, but they are unrelated.
      Property 'created_at' is missing in type 'Goal' but required in type 'Goal'.
src/pages/Dashboard.tsx(7430,11): error TS2719: Type '(goal: Goal) => void' is not assignable to type '(goal: Goal) => void'. Two different types with this name exist, but they are unrelated.
  Types of parameters 'goal' and 'goal' are incompatible.
    Property 'created_at' is missing in type 'Goal' but required in type 'Goal'.
src/pages/dashboard/AIAssistantPage.tsx(2,31): error TS6133: 'message' is declared but its value is never read.
src/pages/dashboard/components/GoalManagement.tsx(48,3): error TS6133: 'deletingGoalId' is declared but its value is never read.
src/pages/dashboard/components/GoalManagement.tsx(60,3): error TS6133: 'loadGoals' is declared but its value is never read.
src/pages/dashboard/DashboardHome.tsx(59,34): error TS2362: The left-hand side of an arithmetic operation must be of type 'any', 'number', 'bigint' or an enum type.
src/pages/dashboard/DashboardHome.tsx(59,42): error TS2363: The right-hand side of an arithmetic operation must be of type 'any', 'number', 'bigint' or an enum type.
src/pages/dashboard/PlansPage.tsx(2,37): error TS6133: 'message' is declared but its value is never read.
src/pages/dashboard/PlansPage.tsx(48,3): error TS6133: 'recommendedPlans' is declared but its value is never read.
src/pages/dashboard/SchedulePage.tsx(3,39): error TS6133: 'CheckOutlined' is declared but its value is never read.
src/pages/dashboard/WorkoutRecordsPage.tsx(2,51): error TS6133: 'message' is declared but its value is never read.
src/pages/dashboard/WorkoutRecordsPage.tsx(53,3): error TS6133: 'setWorkoutForm' is declared but its value is never read.
src/pages/dashboard/WorkoutRecordsPage.tsx(63,9): error TS6133: 'workoutForm' is declared but its value is never read.
src/pages/dashboard/WorkoutRecordsPage.tsx(65,61): error TS6133: 'isEdit' is declared but its value is never read.
src/pages/dashboard/WorkoutRecordsPage.tsx(156,123): error TS6133: 'date' is declared but its value is never read.
src/pages/FatLossPlan.tsx(105,10): error TS6133: 'hasInitialized' is declared but its value is never read.
src/pages/TanChengyiPlanConfig.tsx(3,72): error TS6133: 'Spin' is declared but its value is never read.
src/pages/TanChengyiPlanConfig.tsx(4,40): error TS6133: 'SaveOutlined' is declared but its value is never read.
src/pages/TanChengyiThreeSplit.tsx(2,69): error TS6133: 'Radio' is declared but its value is never read.
src/pages/TanChengyiThreeSplit.tsx(9,9): error TS6133: 'navigate' is declared but its value is never read.
src/pages/TanChengyiThreeSplit.tsx(21,10): error TS6133: 'configData' is declared but its value is never read.
src/pages/TanChengyiThreeSplit.tsx(23,10): error TS6133: 'savedPlanId' is declared but its value is never read.
src/pages/TrainingExercises.tsx(24,7): error TS6133: 'CACHE_EXPIRY' is declared but its value is never read.
src/pages/VideoLibrary.tsx(2,51): error TS6133: 'message' is declared but its value is never read.
src/pages/VideoLibrary.tsx(9,3): error TS6133: 'CloseOutlined' is declared but its value is never read.
