姝ｅ湪娴嬭瘯鏁版嵁搴撴ā鍨嬪悓姝?..
Sequelize瀹炰緥鍒涘缓鎴愬姛
Executing (default): SELECT 1+1 AS result
鏁版嵁搴撹繛鎺ユ垚鍔?寮€濮嬫祴璇曟ā鍨?..
瀵煎叆User妯″瀷...
node : 鏁版嵁搴撹繛鎺ュけ璐? Error: Cannot find module './src/models/User'
所在位置 行:1 字符: 5
+ & { node test-models.js > test-output.txt 2>&1; cat test-output.txt } ...
+     ~~~~~~~~~~~~~~~~~~~~~~~~~~~~~~~~~~~~~~~~~~
    + CategoryInfo          : NotSpecified: (鏁版嵁搴撹繛鎺ュけ璐? Err...rc/models/User':String) [], Re 
   moteException
    + FullyQualifiedErrorId : NativeCommandError
 
Require stack:
- D:\Project\pj1\backend\test-models.js
    at Module._resolveFilename (node:internal/modules/cjs/loader:1456:15)
    at defaultResolveImpl (node:internal/modules/cjs/loader:1066:19)
    at resolveForCJSWithHooks (node:internal/modules/cjs/loader:1071:22)
    at Module._load (node:internal/modules/cjs/loader:1242:25)
    at wrapModuleLoad (node:internal/modules/cjs/loader:255:19)
    at Module.require (node:internal/modules/cjs/loader:1556:12)
    at require (node:internal/modules/helpers:152:16)
    at D:\Project\pj1\backend\test-models.js:24:18
    at process.processTicksAndRejections (node:internal/process/task_queues:104:5) {
  code: 'MODULE_NOT_FOUND',
  requireStack: [ 'D:\\Project\\pj1\\backend\\test-models.js' ]
}
